// Jest Snapshot v1, https://goo.gl/fbAQLP

exports[`renders learn react link 1`] = `
<div>
  <div
    class="recharts-wrapper"
    role="region"
    style="position: relative; cursor: default; width: 600px; height: 300px;"
  >
    <svg
      class="recharts-surface"
      height="300"
      style="width: 100%; height: 100%;"
      viewBox="0 0 600 300"
      width="600"
    >
      <title />
      <desc />
      <defs>
        <clippath
          id="recharts1-clip"
        >
          <rect
            height="260"
            width="490"
            x="80"
            y="5"
          />
        </clippath>
      </defs>
      <g
        class="recharts-layer recharts-cartesian-axis recharts-xAxis xAxis"
      >
        <line
          class="recharts-cartesian-axis-line"
          fill="none"
          height="30"
          orientation="bottom"
          stroke="#666"
          width="490"
          x="80"
          x1="80"
          x2="570"
          y="265"
          y1="265"
          y2="265"
        />
        <g
          class="recharts-cartesian-axis-ticks"
        >
          <g
            class="recharts-layer recharts-cartesian-axis-tick"
          >
            <line
              class="recharts-cartesian-axis-tick-line"
              fill="none"
              height="30"
              orientation="bottom"
              stroke="#666"
              width="490"
              x="80"
              x1="80"
              x2="80"
              y="265"
              y1="271"
              y2="265"
            />
            <text
              class="recharts-text recharts-cartesian-axis-tick-value"
              fill="#666"
              height="30"
              orientation="bottom"
              stroke="none"
              text-anchor="middle"
              width="490"
              x="80"
              y="273"
            >
              <tspan
                dy="0.71em"
                x="80"
              >
                Page A
              </tspan>
            </text>
          </g>
          <g
            class="recharts-layer recharts-cartesian-axis-tick"
          >
            <line
              class="recharts-cartesian-axis-tick-line"
              fill="none"
              height="30"
              orientation="bottom"
              stroke="#666"
              width="490"
              x="80"
              x1="161.66666666666669"
              x2="161.66666666666669"
              y="265"
              y1="271"
              y2="265"
            />
            <text
              class="recharts-text recharts-cartesian-axis-tick-value"
              fill="#666"
              height="30"
              orientation="bottom"
              stroke="none"
              text-anchor="middle"
              width="490"
              x="161.66666666666669"
              y="273"
            >
              <tspan
                dy="0.71em"
                x="161.66666666666669"
              >
                Page B
              </tspan>
            </text>
          </g>
          <g
            class="recharts-layer recharts-cartesian-axis-tick"
          >
            <line
              class="recharts-cartesian-axis-tick-line"
              fill="none"
              height="30"
              orientation="bottom"
              stroke="#666"
              width="490"
              x="80"
              x1="243.33333333333334"
              x2="243.33333333333334"
              y="265"
              y1="271"
              y2="265"
            />
            <text
              class="recharts-text recharts-cartesian-axis-tick-value"
              fill="#666"
              height="30"
              orientation="bottom"
              stroke="none"
              text-anchor="middle"
              width="490"
              x="243.33333333333334"
              y="273"
            >
              <tspan
                dy="0.71em"
                x="243.33333333333334"
              >
                Page C
              </tspan>
            </text>
          </g>
          <g
            class="recharts-layer recharts-cartesian-axis-tick"
          >
            <line
              class="recharts-cartesian-axis-tick-line"
              fill="none"
              height="30"
              orientation="bottom"
              stroke="#666"
              width="490"
              x="80"
              x1="325"
              x2="325"
              y="265"
              y1="271"
              y2="265"
            />
            <text
              class="recharts-text recharts-cartesian-axis-tick-value"
              fill="#666"
              height="30"
              orientation="bottom"
              stroke="none"
              text-anchor="middle"
              width="490"
              x="325"
              y="273"
            >
              <tspan
                dy="0.71em"
                x="325"
              >
                Page D
              </tspan>
            </text>
          </g>
          <g
            class="recharts-layer recharts-cartesian-axis-tick"
          >
            <line
              class="recharts-cartesian-axis-tick-line"
              fill="none"
              height="30"
              orientation="bottom"
              stroke="#666"
              width="490"
              x="80"
              x1="406.6666666666667"
              x2="406.6666666666667"
              y="265"
              y1="271"
              y2="265"
            />
            <text
              class="recharts-text recharts-cartesian-axis-tick-value"
              fill="#666"
              height="30"
              orientation="bottom"
              stroke="none"
              text-anchor="middle"
              width="490"
              x="406.6666666666667"
              y="273"
            >
              <tspan
                dy="0.71em"
                x="406.6666666666667"
              >
                Page E
              </tspan>
            </text>
          </g>
          <g
            class="recharts-layer recharts-cartesian-axis-tick"
          >
            <line
              class="recharts-cartesian-axis-tick-line"
              fill="none"
              height="30"
              orientation="bottom"
              stroke="#666"
              width="490"
              x="80"
              x1="488.33333333333337"
              x2="488.33333333333337"
              y="265"
              y1="271"
              y2="265"
            />
            <text
              class="recharts-text recharts-cartesian-axis-tick-value"
              fill="#666"
              height="30"
              orientation="bottom"
              stroke="none"
              text-anchor="middle"
              width="490"
              x="488.33333333333337"
              y="273"
            >
              <tspan
                dy="0.71em"
                x="488.33333333333337"
              >
                Page F
              </tspan>
            </text>
          </g>
          <g
            class="recharts-layer recharts-cartesian-axis-tick"
          >
            <line
              class="recharts-cartesian-axis-tick-line"
              fill="none"
              height="30"
              orientation="bottom"
              stroke="#666"
              width="490"
              x="80"
              x1="570"
              x2="570"
              y="265"
              y1="271"
              y2="265"
            />
            <text
              class="recharts-text recharts-cartesian-axis-tick-value"
              fill="#666"
              height="30"
              orientation="bottom"
              stroke="none"
              text-anchor="middle"
              width="490"
              x="570"
              y="273"
            >
              <tspan
                dy="0.71em"
                x="570"
              >
                Page G
              </tspan>
            </text>
          </g>
        </g>
      </g>
      <g
        class="recharts-layer recharts-cartesian-axis recharts-yAxis yAxis"
      >
        <line
          class="recharts-cartesian-axis-line"
          fill="none"
          height="260"
          orientation="left"
          stroke="#666"
          width="60"
          x="20"
          x1="80"
          x2="80"
          y="5"
          y1="5"
          y2="265"
        />
        <g
          class="recharts-cartesian-axis-ticks"
        >
          <g
            class="recharts-layer recharts-cartesian-axis-tick"
          >
            <line
              class="recharts-cartesian-axis-tick-line"
              fill="none"
              height="260"
              orientation="left"
              stroke="#666"
              width="60"
              x="20"
              x1="74"
              x2="80"
              y="5"
              y1="265"
              y2="265"
            />
            <text
              class="recharts-text recharts-cartesian-axis-tick-value"
              fill="#666"
              height="260"
              orientation="left"
              stroke="none"
              text-anchor="end"
              width="60"
              x="72"
              y="265"
            >
              <tspan
                dy="0.355em"
                x="72"
              >
                0
              </tspan>
            </text>
          </g>
          <g
            class="recharts-layer recharts-cartesian-axis-tick"
          >
            <line
              class="recharts-cartesian-axis-tick-line"
              fill="none"
              height="260"
              orientation="left"
              stroke="#666"
              width="60"
              x="20"
              x1="74"
              x2="80"
              y="5"
              y1="200"
              y2="200"
            />
            <text
              class="recharts-text recharts-cartesian-axis-tick-value"
              fill="#666"
              height="260"
              orientation="left"
              stroke="none"
              text-anchor="end"
              width="60"
              x="72"
              y="200"
            >
              <tspan
                dy="0.355em"
                x="72"
              >
                2500
              </tspan>
            </text>
          </g>
          <g
            class="recharts-layer recharts-cartesian-axis-tick"
          >
            <line
              class="recharts-cartesian-axis-tick-line"
              fill="none"
              height="260"
              orientation="left"
              stroke="#666"
              width="60"
              x="20"
              x1="74"
              x2="80"
              y="5"
              y1="135"
              y2="135"
            />
            <text
              class="recharts-text recharts-cartesian-axis-tick-value"
              fill="#666"
              height="260"
              orientation="left"
              stroke="none"
              text-anchor="end"
              width="60"
              x="72"
              y="135"
            >
              <tspan
                dy="0.355em"
                x="72"
              >
                5000
              </tspan>
            </text>
          </g>
          <g
            class="recharts-layer recharts-cartesian-axis-tick"
          >
            <line
              class="recharts-cartesian-axis-tick-line"
              fill="none"
              height="260"
              orientation="left"
              stroke="#666"
              width="60"
              x="20"
              x1="74"
              x2="80"
              y="5"
              y1="70"
              y2="70"
            />
            <text
              class="recharts-text recharts-cartesian-axis-tick-value"
              fill="#666"
              height="260"
              orientation="left"
              stroke="none"
              text-anchor="end"
              width="60"
              x="72"
              y="70"
            >
              <tspan
                dy="0.355em"
                x="72"
              >
                7500
              </tspan>
            </text>
          </g>
          <g
            class="recharts-layer recharts-cartesian-axis-tick"
          >
            <line
              class="recharts-cartesian-axis-tick-line"
              fill="none"
              height="260"
              orientation="left"
              stroke="#666"
              width="60"
              x="20"
              x1="74"
              x2="80"
              y="5"
              y1="5"
              y2="5"
            />
            <text
              class="recharts-text recharts-cartesian-axis-tick-value"
              fill="#666"
              height="260"
              orientation="left"
              stroke="none"
              text-anchor="end"
              width="60"
              x="72"
              y="5"
            >
              <tspan
                dy="0.355em"
                x="72"
              >
                10000
              </tspan>
            </text>
          </g>
        </g>
      </g>
      <g
        class="recharts-cartesian-grid"
      >
        <g
          class="recharts-cartesian-grid-horizontal"
        >
          <line
            fill="none"
            height="260"
            stroke="#ccc"
            stroke-dasharray="3 3"
            width="490"
            x="80"
            x1="80"
            x2="570"
            y="5"
            y1="265"
            y2="265"
          />
          <line
            fill="none"
            height="260"
            stroke="#ccc"
            stroke-dasharray="3 3"
            width="490"
            x="80"
            x1="80"
            x2="570"
            y="5"
            y1="200"
            y2="200"
          />
          <line
            fill="none"
            height="260"
            stroke="#ccc"
            stroke-dasharray="3 3"
            width="490"
            x="80"
            x1="80"
            x2="570"
            y="5"
            y1="135"
            y2="135"
          />
          <line
            fill="none"
            height="260"
            stroke="#ccc"
            stroke-dasharray="3 3"
            width="490"
            x="80"
            x1="80"
            x2="570"
            y="5"
            y1="70"
            y2="70"
          />
          <line
            fill="none"
            height="260"
            stroke="#ccc"
            stroke-dasharray="3 3"
            width="490"
            x="80"
            x1="80"
            x2="570"
            y="5"
            y1="5"
            y2="5"
          />
        </g>
        <g
          class="recharts-cartesian-grid-vertical"
        >
          <line
            fill="none"
            height="260"
            stroke="#ccc"
            stroke-dasharray="3 3"
            width="490"
            x="80"
            x1="80"
            x2="80"
            y="5"
            y1="5"
            y2="265"
          />
          <line
            fill="none"
            height="260"
            stroke="#ccc"
            stroke-dasharray="3 3"
            width="490"
            x="80"
            x1="161.66666666666669"
            x2="161.66666666666669"
            y="5"
            y1="5"
            y2="265"
          />
          <line
            fill="none"
            height="260"
            stroke="#ccc"
            stroke-dasharray="3 3"
            width="490"
            x="80"
            x1="243.33333333333334"
            x2="243.33333333333334"
            y="5"
            y1="5"
            y2="265"
          />
          <line
            fill="none"
            height="260"
            stroke="#ccc"
            stroke-dasharray="3 3"
            width="490"
            x="80"
            x1="325"
            x2="325"
            y="5"
            y1="5"
            y2="265"
          />
          <line
            fill="none"
            height="260"
            stroke="#ccc"
            stroke-dasharray="3 3"
            width="490"
            x="80"
            x1="406.6666666666667"
            x2="406.6666666666667"
            y="5"
            y1="5"
            y2="265"
          />
          <line
            fill="none"
            height="260"
            stroke="#ccc"
            stroke-dasharray="3 3"
            width="490"
            x="80"
            x1="488.33333333333337"
            x2="488.33333333333337"
            y="5"
            y1="5"
            y2="265"
          />
          <line
            fill="none"
            height="260"
            stroke="#ccc"
            stroke-dasharray="3 3"
            width="490"
            x="80"
            x1="570"
            x2="570"
            y="5"
            y1="5"
            y2="265"
          />
        </g>
      </g>
      <g
        class="recharts-layer recharts-line"
      >
        <path
          class="recharts-curve recharts-line-curve"
          d="M80,202.6C107.22222222222223,215.626,134.44444444444446,228.65200000000002,161.66666666666669,228.65200000000002C188.8888888888889,228.65200000000002,216.11111111111111,10.200000000000005,243.33333333333334,10.200000000000005C270.55555555555554,10.200000000000005,297.77777777777777,163.392,325,163.392C352.22222222222223,163.392,379.44444444444446,140.20000000000002,406.6666666666667,140.20000000000002C433.8888888888889,140.20000000000002,461.11111111111114,166.20000000000002,488.33333333333337,166.20000000000002C515.5555555555555,166.20000000000002,542.7777777777778,159.70000000000002,570,153.20000000000002"
          fill="none"
          height="260"
          stroke="#8884d8"
          stroke-dasharray="0px 0px"
          stroke-width="1"
          width="490"
        />
      </g>
      <g
        class="recharts-layer recharts-line"
      >
        <path
          class="recharts-curve recharts-line-curve"
          d="M80,161C107.22222222222223,169.66666666666666,134.44444444444446,178.33333333333334,161.66666666666669,187C188.8888888888889,195.66666666666666,216.11111111111111,213,243.33333333333334,213C270.55555555555554,213,297.77777777777777,192.71999999999997,325,192.71999999999997C352.22222222222223,192.71999999999997,379.44444444444446,215.85999999999999,406.6666666666667,215.85999999999999C433.8888888888889,215.85999999999999,461.11111111111114,209.79333333333332,488.33333333333337,202.85999999999999C515.5555555555555,195.92666666666665,542.7777777777778,185.09333333333333,570,174.26000000000002"
          fill="none"
          height="260"
          stroke="#82ca9d"
          stroke-dasharray="0px 0px"
          stroke-width="1"
          width="490"
        />
      </g>
    </svg>
    <div
      class="recharts-legend-wrapper"
      style="position: absolute; width: 550px; height: auto; left: 20px; bottom: 5px;"
    >
      <ul
        class="recharts-default-legend"
        style="padding: 0px; margin: 0px; text-align: center;"
      >
        <li
          class="recharts-legend-item legend-item-0"
          style="display: inline-block; margin-right: 10px;"
        >
          <svg
            class="recharts-surface"
            height="14"
            style="display: inline-block; vertical-align: middle; margin-right: 4px;"
            viewBox="0 0 32 32"
            width="14"
          >
            <title />
            <desc />
            <path
              class="recharts-legend-icon"
              d="M0,16h10.666666666666666
            A5.333333333333333,5.333333333333333,0,1,1,21.333333333333332,16
            H32M21.333333333333332,16
            A5.333333333333333,5.333333333333333,0,1,1,10.666666666666666,16"
              fill="none"
              stroke="#8884d8"
              stroke-width="4"
            />
          </svg>
          <span
            class="recharts-legend-item-text"
            style="color: rgb(136, 132, 216);"
          >
            pv
          </span>
        </li>
        <li
          class="recharts-legend-item legend-item-1"
          style="display: inline-block; margin-right: 10px;"
        >
          <svg
            class="recharts-surface"
            height="14"
            style="display: inline-block; vertical-align: middle; margin-right: 4px;"
            viewBox="0 0 32 32"
            width="14"
          >
            <title />
            <desc />
            <path
              class="recharts-legend-icon"
              d="M0,16h10.666666666666666
            A5.333333333333333,5.333333333333333,0,1,1,21.333333333333332,16
            H32M21.333333333333332,16
            A5.333333333333333,5.333333333333333,0,1,1,10.666666666666666,16"
              fill="none"
              stroke="#82ca9d"
              stroke-width="4"
            />
          </svg>
          <span
            class="recharts-legend-item-text"
            style="color: rgb(130, 202, 157);"
          >
            uv
          </span>
        </li>
      </ul>
    </div>
    <div
      class="recharts-tooltip-wrapper"
      style="visibility: hidden; pointer-events: none; position: absolute; top: 0px; left: 0px;"
      tabindex="-1"
    >
      <div
        class="recharts-default-tooltip"
        style="margin: 0px; padding: 10px; background-color: rgb(255, 255, 255); border: 1px solid #ccc; white-space: nowrap;"
      >
        <p
          class="recharts-tooltip-label"
          style="margin: 0px;"
        />
      </div>
    </div>
  </div>
</div>
`;
